Archive member included because of file (symbol)

c:/program files (x86)/atmel/atmel toolchain/avr8 gcc/native/3.4.1056/avr8-gnu-toolchain/bin/../lib/gcc/avr/4.8.1/avr4\libgcc.a(_exit.o)
                              c:/program files (x86)/atmel/atmel toolchain/avr8 gcc/native/3.4.1056/avr8-gnu-toolchain/bin/../lib/gcc/avr/4.8.1/../../../../avr/lib/avr4/crtm88pa.o (exit)
c:/program files (x86)/atmel/atmel toolchain/avr8 gcc/native/3.4.1056/avr8-gnu-toolchain/bin/../lib/gcc/avr/4.8.1/avr4\libgcc.a(_copy_data.o)
                              Main.o (__do_copy_data)
c:/program files (x86)/atmel/atmel toolchain/avr8 gcc/native/3.4.1056/avr8-gnu-toolchain/bin/../lib/gcc/avr/4.8.1/avr4\libgcc.a(_clear_bss.o)
                              Ps2IntSupport.o (__do_clear_bss)

Discarded input sections

 .bss           0x00000000        0x0 c:/program files (x86)/atmel/atmel toolchain/avr8 gcc/native/3.4.1056/avr8-gnu-toolchain/bin/../lib/gcc/avr/4.8.1/../../../../avr/lib/avr4/crtm88pa.o
 .text          0x00000000        0x0 IoSupport.o
 .bss           0x00000000        0x0 IoSupport.o
 .text          0x00000000        0x0 Main.o
 .bss           0x00000000        0x0 Main.o
 .text.SystemInit
                0x00000000        0x6 Main.o
 .text          0x00000000        0x0 Ps2.o
 .bss           0x00000000        0x0 Ps2.o
 .text          0x00000000        0x0 Ps2IntSupport.o
 .bss           0x00000000        0x0 Ps2IntSupport.o
 .text          0x00000000        0x0 ScanCode.o
 .bss           0x00000000        0x0 ScanCode.o
 .text          0x00000000        0x0 USART2.o
 .bss           0x00000000        0x0 USART2.o
 .text.USART_Receive
                0x00000000       0x22 USART2.o
 .text.USART_Transmit
                0x00000000       0x2a USART2.o
 .text.DirectReceiveData
                0x00000000       0x24 USART2.o
 .text.DirectSendData
                0x00000000       0x10 USART2.o
 .text.DirectSendString
                0x00000000       0x1c USART2.o
 .text          0x00000000        0x0 c:/program files (x86)/atmel/atmel toolchain/avr8 gcc/native/3.4.1056/avr8-gnu-toolchain/bin/../lib/gcc/avr/4.8.1/avr4\libgcc.a(_exit.o)
 .bss           0x00000000        0x0 c:/program files (x86)/atmel/atmel toolchain/avr8 gcc/native/3.4.1056/avr8-gnu-toolchain/bin/../lib/gcc/avr/4.8.1/avr4\libgcc.a(_exit.o)
 .text.libgcc.mul
                0x00000000        0x0 c:/program files (x86)/atmel/atmel toolchain/avr8 gcc/native/3.4.1056/avr8-gnu-toolchain/bin/../lib/gcc/avr/4.8.1/avr4\libgcc.a(_exit.o)
 .text.libgcc.div
                0x00000000        0x0 c:/program files (x86)/atmel/atmel toolchain/avr8 gcc/native/3.4.1056/avr8-gnu-toolchain/bin/../lib/gcc/avr/4.8.1/avr4\libgcc.a(_exit.o)
 .text.libgcc   0x00000000        0x0 c:/program files (x86)/atmel/atmel toolchain/avr8 gcc/native/3.4.1056/avr8-gnu-toolchain/bin/../lib/gcc/avr/4.8.1/avr4\libgcc.a(_exit.o)
 .text.libgcc.prologue
                0x00000000        0x0 c:/program files (x86)/atmel/atmel toolchain/avr8 gcc/native/3.4.1056/avr8-gnu-toolchain/bin/../lib/gcc/avr/4.8.1/avr4\libgcc.a(_exit.o)
 .text.libgcc.builtins
                0x00000000        0x0 c:/program files (x86)/atmel/atmel toolchain/avr8 gcc/native/3.4.1056/avr8-gnu-toolchain/bin/../lib/gcc/avr/4.8.1/avr4\libgcc.a(_exit.o)
 .text.libgcc.fmul
                0x00000000        0x0 c:/program files (x86)/atmel/atmel toolchain/avr8 gcc/native/3.4.1056/avr8-gnu-toolchain/bin/../lib/gcc/avr/4.8.1/avr4\libgcc.a(_exit.o)
 .text.libgcc.fixed
                0x00000000        0x0 c:/program files (x86)/atmel/atmel toolchain/avr8 gcc/native/3.4.1056/avr8-gnu-toolchain/bin/../lib/gcc/avr/4.8.1/avr4\libgcc.a(_exit.o)
 .text          0x00000000        0x0 c:/program files (x86)/atmel/atmel toolchain/avr8 gcc/native/3.4.1056/avr8-gnu-toolchain/bin/../lib/gcc/avr/4.8.1/avr4\libgcc.a(_copy_data.o)
 .bss           0x00000000        0x0 c:/program files (x86)/atmel/atmel toolchain/avr8 gcc/native/3.4.1056/avr8-gnu-toolchain/bin/../lib/gcc/avr/4.8.1/avr4\libgcc.a(_copy_data.o)
 .text.libgcc.mul
                0x00000000        0x0 c:/program files (x86)/atmel/atmel toolchain/avr8 gcc/native/3.4.1056/avr8-gnu-toolchain/bin/../lib/gcc/avr/4.8.1/avr4\libgcc.a(_copy_data.o)
 .text.libgcc.div
                0x00000000        0x0 c:/program files (x86)/atmel/atmel toolchain/avr8 gcc/native/3.4.1056/avr8-gnu-toolchain/bin/../lib/gcc/avr/4.8.1/avr4\libgcc.a(_copy_data.o)
 .text.libgcc   0x00000000        0x0 c:/program files (x86)/atmel/atmel toolchain/avr8 gcc/native/3.4.1056/avr8-gnu-toolchain/bin/../lib/gcc/avr/4.8.1/avr4\libgcc.a(_copy_data.o)
 .text.libgcc.prologue
                0x00000000        0x0 c:/program files (x86)/atmel/atmel toolchain/avr8 gcc/native/3.4.1056/avr8-gnu-toolchain/bin/../lib/gcc/avr/4.8.1/avr4\libgcc.a(_copy_data.o)
 .text.libgcc.builtins
                0x00000000        0x0 c:/program files (x86)/atmel/atmel toolchain/avr8 gcc/native/3.4.1056/avr8-gnu-toolchain/bin/../lib/gcc/avr/4.8.1/avr4\libgcc.a(_copy_data.o)
 .text.libgcc.fmul
                0x00000000        0x0 c:/program files (x86)/atmel/atmel toolchain/avr8 gcc/native/3.4.1056/avr8-gnu-toolchain/bin/../lib/gcc/avr/4.8.1/avr4\libgcc.a(_copy_data.o)
 .text.libgcc.fixed
                0x00000000        0x0 c:/program files (x86)/atmel/atmel toolchain/avr8 gcc/native/3.4.1056/avr8-gnu-toolchain/bin/../lib/gcc/avr/4.8.1/avr4\libgcc.a(_copy_data.o)
 .text          0x00000000        0x0 c:/program files (x86)/atmel/atmel toolchain/avr8 gcc/native/3.4.1056/avr8-gnu-toolchain/bin/../lib/gcc/avr/4.8.1/avr4\libgcc.a(_clear_bss.o)
 .bss           0x00000000        0x0 c:/program files (x86)/atmel/atmel toolchain/avr8 gcc/native/3.4.1056/avr8-gnu-toolchain/bin/../lib/gcc/avr/4.8.1/avr4\libgcc.a(_clear_bss.o)
 .text.libgcc.mul
                0x00000000        0x0 c:/program files (x86)/atmel/atmel toolchain/avr8 gcc/native/3.4.1056/avr8-gnu-toolchain/bin/../lib/gcc/avr/4.8.1/avr4\libgcc.a(_clear_bss.o)
 .text.libgcc.div
                0x00000000        0x0 c:/program files (x86)/atmel/atmel toolchain/avr8 gcc/native/3.4.1056/avr8-gnu-toolchain/bin/../lib/gcc/avr/4.8.1/avr4\libgcc.a(_clear_bss.o)
 .text.libgcc   0x00000000        0x0 c:/program files (x86)/atmel/atmel toolchain/avr8 gcc/native/3.4.1056/avr8-gnu-toolchain/bin/../lib/gcc/avr/4.8.1/avr4\libgcc.a(_clear_bss.o)
 .text.libgcc.prologue
                0x00000000        0x0 c:/program files (x86)/atmel/atmel toolchain/avr8 gcc/native/3.4.1056/avr8-gnu-toolchain/bin/../lib/gcc/avr/4.8.1/avr4\libgcc.a(_clear_bss.o)
 .text.libgcc.builtins
                0x00000000        0x0 c:/program files (x86)/atmel/atmel toolchain/avr8 gcc/native/3.4.1056/avr8-gnu-toolchain/bin/../lib/gcc/avr/4.8.1/avr4\libgcc.a(_clear_bss.o)
 .text.libgcc.fmul
                0x00000000        0x0 c:/program files (x86)/atmel/atmel toolchain/avr8 gcc/native/3.4.1056/avr8-gnu-toolchain/bin/../lib/gcc/avr/4.8.1/avr4\libgcc.a(_clear_bss.o)
 .text.libgcc.fixed
                0x00000000        0x0 c:/program files (x86)/atmel/atmel toolchain/avr8 gcc/native/3.4.1056/avr8-gnu-toolchain/bin/../lib/gcc/avr/4.8.1/avr4\libgcc.a(_clear_bss.o)

Memory Configuration

Name             Origin             Length             Attributes
text             0x00000000         0x00002000         xr
data             0x00800060         0x0000ffa0         rw !x
eeprom           0x00810000         0x00010000         rw !x
fuse             0x00820000         0x00000400         rw !x
lock             0x00830000         0x00000400         rw !x
signature        0x00840000         0x00000400         rw !x
user_signatures  0x00850000         0x00000400         rw !x
*default*        0x00000000         0xffffffff

Linker script and memory map

Address of section .data set to 0x800100
LOAD c:/program files (x86)/atmel/atmel toolchain/avr8 gcc/native/3.4.1056/avr8-gnu-toolchain/bin/../lib/gcc/avr/4.8.1/../../../../avr/lib/avr4/crtm88pa.o
LOAD IoSupport.o
LOAD Main.o
LOAD Ps2.o
LOAD Ps2IntSupport.o
LOAD ScanCode.o
LOAD USART2.o
START GROUP
LOAD c:/program files (x86)/atmel/atmel toolchain/avr8 gcc/native/3.4.1056/avr8-gnu-toolchain/bin/../lib/gcc/avr/4.8.1/../../../../avr/lib/avr4\libm.a
END GROUP
START GROUP
LOAD c:/program files (x86)/atmel/atmel toolchain/avr8 gcc/native/3.4.1056/avr8-gnu-toolchain/bin/../lib/gcc/avr/4.8.1/avr4\libgcc.a
LOAD c:/program files (x86)/atmel/atmel toolchain/avr8 gcc/native/3.4.1056/avr8-gnu-toolchain/bin/../lib/gcc/avr/4.8.1/../../../../avr/lib/avr4\libm.a
LOAD c:/program files (x86)/atmel/atmel toolchain/avr8 gcc/native/3.4.1056/avr8-gnu-toolchain/bin/../lib/gcc/avr/4.8.1/../../../../avr/lib/avr4\libc.a
END GROUP

.hash
 *(.hash)

.dynsym
 *(.dynsym)

.dynstr
 *(.dynstr)

.gnu.version
 *(.gnu.version)

.gnu.version_d
 *(.gnu.version_d)

.gnu.version_r
 *(.gnu.version_r)

.rel.init
 *(.rel.init)

.rela.init
 *(.rela.init)

.rel.text
 *(.rel.text)
 *(.rel.text.*)
 *(.rel.gnu.linkonce.t*)

.rela.text
 *(.rela.text)
 *(.rela.text.*)
 *(.rela.gnu.linkonce.t*)

.rel.fini
 *(.rel.fini)

.rela.fini
 *(.rela.fini)

.rel.rodata
 *(.rel.rodata)
 *(.rel.rodata.*)
 *(.rel.gnu.linkonce.r*)

.rela.rodata
 *(.rela.rodata)
 *(.rela.rodata.*)
 *(.rela.gnu.linkonce.r*)

.rel.data
 *(.rel.data)
 *(.rel.data.*)
 *(.rel.gnu.linkonce.d*)

.rela.data
 *(.rela.data)
 *(.rela.data.*)
 *(.rela.gnu.linkonce.d*)

.rel.ctors
 *(.rel.ctors)

.rela.ctors
 *(.rela.ctors)

.rel.dtors
 *(.rel.dtors)

.rela.dtors
 *(.rela.dtors)

.rel.got
 *(.rel.got)

.rela.got
 *(.rela.got)

.rel.bss
 *(.rel.bss)

.rela.bss
 *(.rela.bss)

.rel.plt
 *(.rel.plt)

.rela.plt
 *(.rela.plt)

.text           0x00000000     0x144e
 *(.vectors)
 .vectors       0x00000000       0x34 c:/program files (x86)/atmel/atmel toolchain/avr8 gcc/native/3.4.1056/avr8-gnu-toolchain/bin/../lib/gcc/avr/4.8.1/../../../../avr/lib/avr4/crtm88pa.o
                0x00000000                __vector_default
                0x00000000                __vectors
 *(.vectors)
 *(.progmem.gcc*)
 .progmem.gcc_sw_table.main
                0x00000034       0x4a Main.o
                0x0000007e                . = ALIGN (0x2)
                0x0000007e                __trampolines_start = .
 *(.trampolines)
 .trampolines   0x0000007e        0x0 linker stubs
 *(.trampolines*)
                0x0000007e                __trampolines_end = .
 *(.progmem*)
 .progmem.data.ScanCodeList
                0x0000007e      0x580 ScanCode.o
                0x0000007e                ScanCodeList
                0x000005fe                . = ALIGN (0x2)
 *(.jumptables)
 *(.jumptables*)
 *(.lowtext)
 *(.lowtext*)
                0x000005fe                __ctors_start = .
 *(.ctors)
                0x000005fe                __ctors_end = .
                0x000005fe                __dtors_start = .
 *(.dtors)
                0x000005fe                __dtors_end = .
 SORT(*)(.ctors)
 SORT(*)(.dtors)
 *(.init0)
 .init0         0x000005fe        0x0 c:/program files (x86)/atmel/atmel toolchain/avr8 gcc/native/3.4.1056/avr8-gnu-toolchain/bin/../lib/gcc/avr/4.8.1/../../../../avr/lib/avr4/crtm88pa.o
                0x000005fe                __init
 *(.init0)
 *(.init1)
 *(.init1)
 *(.init2)
 .init2         0x000005fe        0xc c:/program files (x86)/atmel/atmel toolchain/avr8 gcc/native/3.4.1056/avr8-gnu-toolchain/bin/../lib/gcc/avr/4.8.1/../../../../avr/lib/avr4/crtm88pa.o
 *(.init2)
 *(.init3)
 *(.init3)
 *(.init4)
 .init4         0x0000060a       0x16 c:/program files (x86)/atmel/atmel toolchain/avr8 gcc/native/3.4.1056/avr8-gnu-toolchain/bin/../lib/gcc/avr/4.8.1/avr4\libgcc.a(_copy_data.o)
                0x0000060a                __do_copy_data
 .init4         0x00000620       0x10 c:/program files (x86)/atmel/atmel toolchain/avr8 gcc/native/3.4.1056/avr8-gnu-toolchain/bin/../lib/gcc/avr/4.8.1/avr4\libgcc.a(_clear_bss.o)
                0x00000620                __do_clear_bss
 *(.init4)
 *(.init5)
 *(.init5)
 *(.init6)
 *(.init6)
 *(.init7)
 *(.init7)
 *(.init8)
 *(.init8)
 *(.init9)
 .init9         0x00000630        0x4 c:/program files (x86)/atmel/atmel toolchain/avr8 gcc/native/3.4.1056/avr8-gnu-toolchain/bin/../lib/gcc/avr/4.8.1/../../../../avr/lib/avr4/crtm88pa.o
 *(.init9)
 *(.text)
 .text          0x00000634        0x2 c:/program files (x86)/atmel/atmel toolchain/avr8 gcc/native/3.4.1056/avr8-gnu-toolchain/bin/../lib/gcc/avr/4.8.1/../../../../avr/lib/avr4/crtm88pa.o
                0x00000634                __vector_22
                0x00000634                __vector_24
                0x00000634                __vector_12
                0x00000634                __bad_interrupt
                0x00000634                __vector_6
                0x00000634                __vector_3
                0x00000634                __vector_23
                0x00000634                __vector_25
                0x00000634                __vector_11
                0x00000634                __vector_13
                0x00000634                __vector_17
                0x00000634                __vector_7
                0x00000634                __vector_4
                0x00000634                __vector_9
                0x00000634                __vector_2
                0x00000634                __vector_21
                0x00000634                __vector_15
                0x00000634                __vector_8
                0x00000634                __vector_14
                0x00000634                __vector_10
                0x00000634                __vector_16
                0x00000634                __vector_20
                0x00000636                . = ALIGN (0x2)
 *(.text.*)
 .text.Set_Port_Bit
                0x00000636       0x42 IoSupport.o
                0x00000636                Set_Port_Bit
 .text.SetDeviceToHostDirection
                0x00000678        0xa IoSupport.o
                0x00000678                SetDeviceToHostDirection
 .text.ReadingFromHostDirection
                0x00000682        0xa IoSupport.o
                0x00000682                ReadingFromHostDirection
 .text.ListeningtDirection
                0x0000068c        0xa IoSupport.o
                0x0000068c                ListeningtDirection
 .text.SetHostToDeviceDirection
                0x00000696        0xa IoSupport.o
                0x00000696                SetHostToDeviceDirection
 .text.WritingToDeviceDirection
                0x000006a0        0xa IoSupport.o
                0x000006a0                WritingToDeviceDirection
 .text.main     0x000006aa      0x4a2 Main.o
                0x000006aa                main
 .text.Sniffer_PS2_Byte
                0x00000b4c      0x152 Ps2.o
                0x00000b4c                Sniffer_PS2_Byte
 .text.Read_Ps2_Byte
                0x00000c9e      0x120 Ps2.o
                0x00000c9e                Read_Ps2_Byte
 .text.Write_Ps2_ACK
                0x00000dbe       0x74 Ps2.o
                0x00000dbe                Write_Ps2_ACK
 .text.Write_Ps2_Byte
                0x00000e32      0x10c Ps2.o
                0x00000e32                Write_Ps2_Byte
 .text.Push_PS2_Byte
                0x00000f3e      0x134 Ps2.o
                0x00000f3e                Push_PS2_Byte
 .text.Write_Ps2_HOST_REQUEST
                0x00001072       0x44 Ps2.o
                0x00001072                Write_Ps2_HOST_REQUEST
 .text.EnableDeviceInterrupt
                0x000010b6       0x1a Ps2IntSupport.o
                0x000010b6                EnableDeviceInterrupt
 .text.Ps2Init  0x000010d0       0x2a Ps2IntSupport.o
                0x000010d0                Ps2Init
 .text.__vector_1
                0x000010fa       0x92 Ps2IntSupport.o
                0x000010fa                __vector_1
 .text.IsDataInPs2SnifferBuffer
                0x0000118c       0x12 Ps2IntSupport.o
                0x0000118c                IsDataInPs2SnifferBuffer
 .text.GetDataFromPs2SnifferBuffer
                0x0000119e       0x16 Ps2IntSupport.o
                0x0000119e                GetDataFromPs2SnifferBuffer
 .text.__vector_5
                0x000011b4       0xd6 Ps2IntSupport.o
                0x000011b4                __vector_5
 .text.IsDataInPs2HostBuffer
                0x0000128a       0x12 Ps2IntSupport.o
                0x0000128a                IsDataInPs2HostBuffer
 .text.GetDataFromPs2HostBuffer
                0x0000129c       0x16 Ps2IntSupport.o
                0x0000129c                GetDataFromPs2HostBuffer
 .text.GetScanCode
                0x000012b2       0x82 ScanCode.o
                0x000012b2                GetScanCode
 .text.USART_Init
                0x00001334       0x30 USART2.o
                0x00001334                USART_Init
 .text.__vector_18
                0x00001364       0x6a USART2.o
                0x00001364                __vector_18
 .text.__vector_19
                0x000013ce       0x54 USART2.o
                0x000013ce                __vector_19
 .text.DataInReceiveBuffer
                0x00001422       0x12 USART2.o
                0x00001422                DataInReceiveBuffer
 .text.GetDataFromReceiveBuffer
                0x00001434       0x16 USART2.o
                0x00001434                GetDataFromReceiveBuffer
                0x0000144a                . = ALIGN (0x2)
 *(.fini9)
 .fini9         0x0000144a        0x0 c:/program files (x86)/atmel/atmel toolchain/avr8 gcc/native/3.4.1056/avr8-gnu-toolchain/bin/../lib/gcc/avr/4.8.1/avr4\libgcc.a(_exit.o)
                0x0000144a                _exit
                0x0000144a                exit
 *(.fini9)
 *(.fini8)
 *(.fini8)
 *(.fini7)
 *(.fini7)
 *(.fini6)
 *(.fini6)
 *(.fini5)
 *(.fini5)
 *(.fini4)
 *(.fini4)
 *(.fini3)
 *(.fini3)
 *(.fini2)
 *(.fini2)
 *(.fini1)
 *(.fini1)
 *(.fini0)
 .fini0         0x0000144a        0x4 c:/program files (x86)/atmel/atmel toolchain/avr8 gcc/native/3.4.1056/avr8-gnu-toolchain/bin/../lib/gcc/avr/4.8.1/avr4\libgcc.a(_exit.o)
 *(.fini0)
                0x0000144e                _etext = .

.data           0x00800100        0x8 load address 0x0000144e
                0x00800100                PROVIDE (__data_start, .)
 *(.data)
 .data          0x00800100        0x0 c:/program files (x86)/atmel/atmel toolchain/avr8 gcc/native/3.4.1056/avr8-gnu-toolchain/bin/../lib/gcc/avr/4.8.1/../../../../avr/lib/avr4/crtm88pa.o
 .data          0x00800100        0x0 IoSupport.o
 .data          0x00800100        0x0 Main.o
 .data          0x00800100        0x0 Ps2.o
 .data          0x00800100        0x0 Ps2IntSupport.o
 .data          0x00800100        0x0 ScanCode.o
 .data          0x00800100        0x0 USART2.o
 .data          0x00800100        0x0 c:/program files (x86)/atmel/atmel toolchain/avr8 gcc/native/3.4.1056/avr8-gnu-toolchain/bin/../lib/gcc/avr/4.8.1/avr4\libgcc.a(_exit.o)
 .data          0x00800100        0x0 c:/program files (x86)/atmel/atmel toolchain/avr8 gcc/native/3.4.1056/avr8-gnu-toolchain/bin/../lib/gcc/avr/4.8.1/avr4\libgcc.a(_copy_data.o)
 .data          0x00800100        0x0 c:/program files (x86)/atmel/atmel toolchain/avr8 gcc/native/3.4.1056/avr8-gnu-toolchain/bin/../lib/gcc/avr/4.8.1/avr4\libgcc.a(_clear_bss.o)
 *(.data*)
 *(.rodata)
 .rodata        0x00800100        0x8 Main.o
 *(.rodata*)
 *(.gnu.linkonce.d*)
                0x00800108                . = ALIGN (0x2)
                0x00800108                _edata = .
                0x00800108                PROVIDE (__data_end, .)

.bss            0x00800108      0x148
                0x00800108                PROVIDE (__bss_start, .)
 *(.bss)
 *(.bss*)
 .bss.HOST_TO_DEV_Ps2Tail
                0x00800108        0x1 Ps2IntSupport.o
 .bss.HOST_TO_DEV_Ps2Head
                0x00800109        0x1 Ps2IntSupport.o
 .bss.HOST_TO_DEV_Ps2Buf
                0x0080010a       0x20 Ps2IntSupport.o
 .bss.DEV_TO_HOST_Ps2Tail
                0x0080012a        0x1 Ps2IntSupport.o
 .bss.DEV_TO_HOST_Ps2Head
                0x0080012b        0x1 Ps2IntSupport.o
 .bss.DEV_TO_HOST_Ps2Buf
                0x0080012c       0x20 Ps2IntSupport.o
 .bss.USART_TxTail
                0x0080014c        0x1 USART2.o
 .bss.USART_TxHead
                0x0080014d        0x1 USART2.o
 .bss.USART_TxBuf
                0x0080014e       0x80 USART2.o
 .bss.USART_RxTail
                0x008001ce        0x1 USART2.o
 .bss.USART_RxHead
                0x008001cf        0x1 USART2.o
 .bss.USART_RxBuf
                0x008001d0       0x80 USART2.o
 *(COMMON)
                0x00800250                PROVIDE (__bss_end, .)
                0x0000144e                __data_load_start = LOADADDR (.data)
                0x00001456                __data_load_end = (__data_load_start + SIZEOF (.data))

.noinit         0x00800250        0x0
                0x00800250                PROVIDE (__noinit_start, .)
 *(.noinit*)
                0x00800250                PROVIDE (__noinit_end, .)
                0x00800250                _end = .
                0x00800250                PROVIDE (__heap_start, .)

.eeprom         0x00810000        0x0
 *(.eeprom*)
                0x00810000                __eeprom_end = .

.fuse
 *(.fuse)
 *(.lfuse)
 *(.hfuse)
 *(.efuse)

.lock
 *(.lock*)

.signature
 *(.signature*)

.user_signatures
 *(.user_signatures*)

.stab
 *(.stab)

.stabstr
 *(.stabstr)

.stab.excl
 *(.stab.excl)

.stab.exclstr
 *(.stab.exclstr)

.stab.index
 *(.stab.index)

.stab.indexstr
 *(.stab.indexstr)

.comment        0x00000000       0x30
 *(.comment)
 .comment       0x00000000       0x30 IoSupport.o
                                 0x31 (size before relaxing)
 .comment       0x00000000       0x31 Main.o
 .comment       0x00000000       0x31 Ps2.o
 .comment       0x00000000       0x31 Ps2IntSupport.o
 .comment       0x00000000       0x31 ScanCode.o
 .comment       0x00000000       0x31 USART2.o

.note.gnu.build-id
 *(.note.gnu.build-id)

.debug
 *(.debug)

.line
 *(.line)

.debug_srcinfo
 *(.debug_srcinfo)

.debug_sfnames
 *(.debug_sfnames)

.debug_aranges  0x00000000      0x198
 *(.debug_aranges)
 .debug_aranges
                0x00000000       0x48 IoSupport.o
 .debug_aranges
                0x00000048       0x28 Main.o
 .debug_aranges
                0x00000070       0x48 Ps2.o
 .debug_aranges
                0x000000b8       0x58 Ps2IntSupport.o
 .debug_aranges
                0x00000110       0x20 ScanCode.o
 .debug_aranges
                0x00000130       0x68 USART2.o

.debug_pubnames
 *(.debug_pubnames)

.debug_info     0x00000000     0x20e6
 *(.debug_info .gnu.linkonce.wi.*)
 .debug_info    0x00000000      0x131 IoSupport.o
 .debug_info    0x00000131      0xd3c Main.o
 .debug_info    0x00000e6d      0x985 Ps2.o
 .debug_info    0x000017f2      0x422 Ps2IntSupport.o
 .debug_info    0x00001c14      0x1b5 ScanCode.o
 .debug_info    0x00001dc9      0x31d USART2.o

.debug_abbrev   0x00000000      0x7ad
 *(.debug_abbrev)
 .debug_abbrev  0x00000000       0x99 IoSupport.o
 .debug_abbrev  0x00000099      0x1b0 Main.o
 .debug_abbrev  0x00000249      0x195 Ps2.o
 .debug_abbrev  0x000003de      0x170 Ps2IntSupport.o
 .debug_abbrev  0x0000054e       0xf9 ScanCode.o
 .debug_abbrev  0x00000647      0x166 USART2.o

.debug_line     0x00000000      0xa1b
 *(.debug_line .debug_line.* .debug_line_end)
 .debug_line    0x00000000      0x10a IoSupport.o
 .debug_line    0x0000010a      0x2b6 Main.o
 .debug_line    0x000003c0      0x296 Ps2.o
 .debug_line    0x00000656      0x16f Ps2IntSupport.o
 .debug_line    0x000007c5       0xc7 ScanCode.o
 .debug_line    0x0000088c      0x18f USART2.o

.debug_frame    0x00000000      0x4bc
 *(.debug_frame)
 .debug_frame   0x00000000       0x74 IoSupport.o
 .debug_frame   0x00000074       0x44 Main.o
 .debug_frame   0x000000b8      0x15c Ps2.o
 .debug_frame   0x00000214      0x14c Ps2IntSupport.o
 .debug_frame   0x00000360       0x34 ScanCode.o
 .debug_frame   0x00000394      0x128 USART2.o

.debug_str      0x00000000      0x803
 *(.debug_str)
 .debug_str     0x00000000      0x1d1 IoSupport.o
                                0x212 (size before relaxing)
 .debug_str     0x000001d1      0x2c3 Main.o
                                0x486 (size before relaxing)
 .debug_str     0x00000494      0x11c Ps2.o
                                0x31e (size before relaxing)
 .debug_str     0x000005b0       0xd1 Ps2IntSupport.o
                                0x33f (size before relaxing)
 .debug_str     0x00000681       0x7e ScanCode.o
                                0x1f4 (size before relaxing)
 .debug_str     0x000006ff      0x104 USART2.o
                                0x2bb (size before relaxing)

.debug_loc      0x00000000     0x141e
 *(.debug_loc)
 .debug_loc     0x00000000       0x74 IoSupport.o
 .debug_loc     0x00000074      0x4c7 Main.o
 .debug_loc     0x0000053b      0x87d Ps2.o
 .debug_loc     0x00000db8      0x2d3 Ps2IntSupport.o
 .debug_loc     0x0000108b       0xd5 ScanCode.o
 .debug_loc     0x00001160      0x2be USART2.o

.debug_macinfo
 *(.debug_macinfo)

.debug_weaknames
 *(.debug_weaknames)

.debug_funcnames
 *(.debug_funcnames)

.debug_typenames
 *(.debug_typenames)

.debug_varnames
 *(.debug_varnames)

.debug_pubtypes
 *(.debug_pubtypes)

.debug_ranges   0x00000000      0x150
 *(.debug_ranges)
 .debug_ranges  0x00000000       0x38 IoSupport.o
 .debug_ranges  0x00000038       0x18 Main.o
 .debug_ranges  0x00000050       0x38 Ps2.o
 .debug_ranges  0x00000088       0x48 Ps2IntSupport.o
 .debug_ranges  0x000000d0       0x28 ScanCode.o
 .debug_ranges  0x000000f8       0x58 USART2.o

.debug_macro
 *(.debug_macro)
OUTPUT(CON232K.elf elf32-avr)
LOAD linker stubs
